// Jest Snapshot v1, https://goo.gl/fbAQLP

exports[`should NotFoundPage renderer successfully 1`] = `
<div>
  Page is Not here !! 404 
  <Link
    replace={false}
    to="/"
  >
    Go Home 
  </Link>
</div>
`;
